// Jest Snapshot v1, https://goo.gl/fbAQLP

exports[`generatePowerPositionsForLight for a tickCount of 300 for green1 light should return array of power positions with it on low for 42 seconds and on high for 14 seconds 1`] = `
Array [
  20,
  20,
  20,
  20,
  20,
  20,
  20,
  20,
  20,
  20,
  20,
  20,
  20,
  20,
  20,
  20,
  20,
  20,
  20,
  20,
  20,
  20,
  20,
  20,
  20,
  20,
  26,
  28,
  29,
  30,
  31,
  32,
  33,
  34,
  35,
  36,
  37,
  37,
  37,
  37,
  37,
  37,
  37,
  37,
  37,
  37,
  37,
  37,
  37,
  37,
  37,
  37,
  37,
  37,
  37,
  37,
  37,
  37,
  37,
  37,
  37,
  37,
  37,
  37,
  37,
  37,
  37,
  37,
  37,
  37,
  37,
  37,
  37,
  37,
  37,
  37,
  37,
  37,
  37,
  37,
  37,
  37,
  37,
  37,
  37,
  37,
  37,
  37,
  37,
  37,
  37,
  37,
  37,
  37,
  37,
  37,
  37,
  37,
  37,
  37,
  37,
  37,
  37,
  37,
  37,
  37,
  36,
  35,
  34,
  33,
  32,
  31,
  30,
  29,
  28,
  26,
  20,
  20,
  20,
  20,
  20,
  20,
  20,
  20,
  20,
  20,
  20,
  20,
  20,
  20,
  20,
  20,
  20,
  20,
  20,
  20,
  20,
  20,
  20,
  20,
  20,
  20,
  20,
  20,
  20,
  20,
  20,
  20,
  20,
  20,
  20,
  20,
  20,
  20,
  20,
  20,
  20,
  20,
  20,
  20,
  20,
  20,
  20,
  20,
  20,
  20,
  20,
  20,
  20,
  20,
  20,
  20,
  20,
  20,
  20,
  20,
  20,
  20,
  20,
  20,
  20,
  20,
  20,
  20,
  20,
  20,
  20,
  20,
  20,
  20,
  20,
  20,
  20,
  20,
  20,
  20,
  20,
  20,
  20,
  20,
  20,
  20,
  20,
  20,
  20,
  20,
  20,
  20,
  20,
  20,
  20,
  20,
  20,
  20,
  20,
  20,
  20,
  20,
  20,
  20,
  20,
  20,
  20,
  20,
  20,
  20,
  20,
  20,
  20,
  20,
  20,
  20,
  20,
  20,
  20,
  20,
  20,
  20,
  20,
  20,
  20,
  20,
  20,
  20,
  20,
  20,
  20,
  20,
  20,
  20,
  20,
  20,
  20,
  20,
  20,
  20,
  20,
  20,
  20,
  20,
  20,
  20,
  20,
  20,
  20,
  20,
  20,
  20,
  20,
  20,
  20,
  20,
  20,
  20,
  20,
  20,
  20,
  20,
  20,
  20,
  20,
  20,
  20,
  20,
  20,
  20,
  20,
  20,
  20,
  20,
  20,
  20,
  20,
  20,
  20,
  20,
  20,
  20,
  20,
  20,
]
`;

exports[`generatePowerPositionsForLight for a tickCount of 300 for green2 light should return array of power positions with it on low for 42 seconds and on high for 14 seconds 1`] = `
Array [
  20,
  20,
  20,
  20,
  20,
  20,
  20,
  20,
  20,
  20,
  20,
  20,
  20,
  20,
  20,
  20,
  20,
  20,
  20,
  20,
  20,
  20,
  20,
  20,
  20,
  20,
  20,
  20,
  20,
  20,
  20,
  20,
  20,
  20,
  20,
  20,
  20,
  20,
  20,
  20,
  20,
  20,
  20,
  20,
  20,
  20,
  20,
  20,
  20,
  20,
  20,
  20,
  20,
  20,
  20,
  20,
  20,
  20,
  20,
  20,
  20,
  20,
  20,
  20,
  20,
  20,
  20,
  20,
  20,
  20,
  20,
  20,
  20,
  20,
  20,
  20,
  20,
  20,
  20,
  20,
  20,
  20,
  20,
  20,
  20,
  20,
  20,
  20,
  20,
  20,
  20,
  20,
  20,
  20,
  20,
  20,
  20,
  20,
  20,
  20,
  20,
  26,
  28,
  29,
  30,
  31,
  32,
  33,
  34,
  35,
  36,
  37,
  37,
  37,
  37,
  37,
  37,
  37,
  37,
  37,
  37,
  37,
  37,
  37,
  37,
  37,
  37,
  37,
  37,
  37,
  37,
  37,
  37,
  37,
  37,
  37,
  37,
  37,
  37,
  37,
  37,
  37,
  37,
  37,
  37,
  37,
  37,
  37,
  37,
  37,
  37,
  37,
  37,
  37,
  37,
  37,
  37,
  37,
  37,
  37,
  37,
  37,
  37,
  37,
  37,
  37,
  37,
  37,
  37,
  37,
  37,
  37,
  37,
  37,
  37,
  37,
  37,
  37,
  37,
  37,
  37,
  36,
  35,
  34,
  33,
  32,
  31,
  30,
  29,
  28,
  26,
  20,
  20,
  20,
  20,
  20,
  20,
  20,
  20,
  20,
  20,
  20,
  20,
  20,
  20,
  20,
  20,
  20,
  20,
  20,
  20,
  20,
  20,
  20,
  20,
  20,
  20,
  20,
  20,
  20,
  20,
  20,
  20,
  20,
  20,
  20,
  20,
  20,
  20,
  20,
  20,
  20,
  20,
  20,
  20,
  20,
  20,
  20,
  20,
  20,
  20,
  20,
  20,
  20,
  20,
  20,
  20,
  20,
  20,
  20,
  20,
  20,
  20,
  20,
  20,
  20,
  20,
  20,
  20,
  20,
  20,
  20,
  20,
  20,
  20,
  20,
  20,
  20,
  20,
  20,
  20,
  20,
  20,
  20,
  20,
  20,
  20,
  20,
  20,
  20,
  20,
  20,
  20,
  20,
  20,
  20,
  20,
  20,
  20,
  20,
  20,
  20,
  20,
  20,
  20,
  20,
  20,
  20,
  20,
  20,
]
`;

exports[`generatePowerPositionsForLight for a tickCount of 300 for red1 light should return array of power positions with it on low for 49 seconds and on high for 7 seconds 1`] = `
Array [
  20,
  26,
  28,
  29,
  30,
  31,
  32,
  33,
  34,
  35,
  36,
  37,
  37,
  37,
  37,
  37,
  37,
  37,
  37,
  37,
  37,
  37,
  37,
  37,
  37,
  37,
  37,
  37,
  37,
  37,
  37,
  37,
  37,
  37,
  37,
  37,
  37,
  37,
  37,
  37,
  37,
  37,
  37,
  37,
  37,
  37,
  36,
  35,
  34,
  33,
  32,
  31,
  30,
  29,
  28,
  26,
  20,
  20,
  20,
  20,
  20,
  20,
  20,
  20,
  20,
  20,
  20,
  20,
  20,
  20,
  20,
  20,
  20,
  20,
  20,
  20,
  20,
  20,
  20,
  20,
  20,
  20,
  20,
  20,
  20,
  20,
  20,
  20,
  20,
  20,
  20,
  20,
  20,
  20,
  20,
  20,
  20,
  20,
  20,
  20,
  20,
  20,
  20,
  20,
  20,
  20,
  20,
  20,
  20,
  20,
  20,
  20,
  20,
  20,
  20,
  20,
  20,
  20,
  20,
  20,
  20,
  20,
  20,
  20,
  20,
  20,
  20,
  20,
  20,
  20,
  20,
  20,
  20,
  20,
  20,
  20,
  20,
  20,
  20,
  20,
  20,
  20,
  20,
  20,
  20,
  20,
  20,
  20,
  20,
  20,
  20,
  20,
  20,
  20,
  20,
  20,
  20,
  20,
  20,
  20,
  20,
  20,
  20,
  20,
  20,
  20,
  20,
  20,
  20,
  20,
  20,
  20,
  20,
  20,
  20,
  20,
  20,
  20,
  20,
  20,
  20,
  20,
  20,
  20,
  20,
  20,
  20,
  20,
  20,
  20,
  20,
  20,
  20,
  20,
  20,
  20,
  20,
  20,
  20,
  20,
  20,
  20,
  20,
  20,
  20,
  20,
  20,
  20,
  20,
  20,
  20,
  20,
  20,
  20,
  20,
  20,
  20,
  20,
  20,
  20,
  20,
  20,
  20,
  20,
  20,
  20,
  20,
  20,
  20,
  20,
  20,
  20,
  20,
  20,
  20,
  20,
  20,
  20,
  20,
  20,
  20,
  20,
  20,
  20,
  20,
  20,
  20,
  20,
  20,
  20,
  20,
  20,
  20,
  20,
  20,
  20,
  20,
  20,
  20,
  20,
  20,
  20,
  20,
  20,
  20,
  20,
  20,
  20,
  20,
  20,
  20,
  20,
  20,
  20,
  20,
  20,
  20,
  20,
  20,
  20,
  20,
  20,
  20,
  20,
  20,
  20,
  20,
  20,
  20,
  20,
  20,
  20,
  20,
  20,
  20,
  20,
  20,
  20,
  20,
  20,
]
`;

exports[`generatePowerPositionsForLight for a tickCount of 300 for red2 light should return array of power positions with it on low for 49 seconds and on high for 7 seconds 1`] = `
Array [
  20,
  20,
  20,
  20,
  20,
  20,
  20,
  20,
  20,
  20,
  20,
  20,
  20,
  20,
  20,
  20,
  20,
  20,
  20,
  20,
  20,
  20,
  20,
  20,
  20,
  20,
  20,
  20,
  20,
  20,
  20,
  20,
  20,
  20,
  20,
  20,
  20,
  20,
  20,
  20,
  20,
  20,
  20,
  20,
  20,
  20,
  20,
  20,
  20,
  20,
  20,
  20,
  20,
  20,
  20,
  20,
  20,
  20,
  20,
  20,
  20,
  20,
  20,
  20,
  20,
  20,
  20,
  20,
  20,
  20,
  20,
  20,
  20,
  20,
  20,
  20,
  20,
  20,
  20,
  20,
  20,
  20,
  20,
  20,
  20,
  20,
  20,
  20,
  20,
  20,
  20,
  20,
  20,
  20,
  20,
  20,
  20,
  20,
  20,
  20,
  20,
  20,
  20,
  20,
  20,
  20,
  20,
  20,
  20,
  20,
  20,
  20,
  20,
  20,
  20,
  20,
  20,
  20,
  20,
  20,
  20,
  20,
  20,
  20,
  20,
  20,
  20,
  20,
  20,
  20,
  20,
  20,
  20,
  20,
  20,
  20,
  20,
  20,
  20,
  20,
  20,
  20,
  20,
  20,
  20,
  20,
  20,
  20,
  20,
  20,
  20,
  20,
  20,
  20,
  20,
  20,
  20,
  20,
  20,
  20,
  20,
  26,
  28,
  29,
  30,
  31,
  32,
  33,
  34,
  35,
  36,
  37,
  37,
  37,
  37,
  37,
  37,
  37,
  37,
  37,
  37,
  37,
  37,
  37,
  37,
  37,
  37,
  37,
  37,
  37,
  37,
  37,
  37,
  37,
  37,
  37,
  37,
  37,
  37,
  37,
  37,
  37,
  37,
  37,
  37,
  37,
  36,
  35,
  34,
  33,
  32,
  31,
  30,
  29,
  28,
  26,
  20,
  20,
  20,
  20,
  20,
  20,
  20,
  20,
  20,
  20,
  20,
  20,
  20,
  20,
  20,
  20,
  20,
  20,
  20,
  20,
  20,
  20,
  20,
  20,
  20,
  20,
  20,
  20,
  20,
  20,
  20,
  20,
  20,
  20,
  20,
  20,
  20,
  20,
  20,
  20,
  20,
  20,
  20,
  20,
  20,
  20,
  20,
  20,
  20,
  20,
  20,
  20,
  20,
  20,
  20,
  20,
  20,
  20,
  20,
  20,
  20,
  20,
  20,
  20,
  20,
  20,
  20,
  20,
  20,
  20,
  20,
  20,
  20,
  20,
  20,
  20,
  20,
  20,
  20,
  20,
  20,
  20,
  20,
  20,
]
`;
